[0]Point 0 (0.5, 0.75, 0.25)
[1]Point 0 (0.25, 0.75, 0.5)
[1]Point 1 (0.25, 0.5, 0.75)
[2]Point 0 (0.5, 0.25, 0.75)
[3]Point 0 (0.75, 0.5, 0.25)
[4]Point 0 (0.75, 0.25, 0.5)
[0]Point 0 is in Cell 0
[1]Point 0 is in Cell 1
[1]Point 1 is in Cell 1
[2]Point 0 is in Cell 0
[3]Point 0 is in Cell 0
[4]Point 0 is in Cell 0
Vec Object: 5 MPI processes
  type: mpi
Process [0]
0.5
0.75
0.25
Process [1]
0.25
0.75
0.5
0.25
0.5
0.75
Process [2]
0.5
0.25
0.75
Process [3]
0.75
0.5
0.25
Process [4]
0.75
0.25
0.5
[2]solution
Vec Object:[0]solution
Vec Object: 1 MPI processes
  type: seq
0.
0.
0.
1.
1.
1.
2.
2.
2.
3.
3.
3.
[1]solution
[4]solution
Vec Object: 1 MPI processes
  type: seq
0.
0.
0.
1.
1.
1.
2.
2.
2.
3.
3.
3.
[0]Field values
Vec Object: 1 MPI processes
  type: seq
1.5
1.5
1.5
Vec Object: 1 MPI processes
  type: seq
0.
0.
0.
1.
1.
1.
1.
1.
1.
2.
2.
2.
3.
3.
3.
[4]Field values
Vec Object: 1 MPI processes
  type: seq
1.5
1.5
1.5
[3]solution
Vec Object: 1 MPI processes
  type: seq
0.
0.
0.
1.
1.
1.
2.
2.
2.
3.
3.
3.
[1]Field values
Vec Object: 1 MPI processes
  type: seq
1.5
1.5
1.5
1.5
1.5
1.5
[3]Field values
Vec Object: 1 MPI processes
  type: seq
1.5
1.5
1.5
 1 MPI processes
  type: seq
0.
0.
0.
1.
1.
1.
2.
2.
2.
3.
3.
3.
[2]Field values
Vec Object: 1 MPI processes
  type: seq
1.5
1.5
1.5