DM Object: Simplicial Mesh 1 MPI processes
  type: plex
Simplicial Mesh in 2 dimensions:
  0-cells: 81
  1-cells: 144
  2-cells: 64
Labels:
  Face Sets: 4 strata of sizes (14, 14, 14, 14)
  marker: 1 strata of sizes (64)
  depth: 3 strata of sizes (81, 144, 64)
