Function tests pass for order 0 at tolerance 1e-10
Function tests pass for order 0 derivatives at tolerance 1e-10
Interpolation tests pass for order 0 at tolerance 1e-10
Interpolation tests pass for order 0 derivatives at tolerance 1e-10
Interpolation tests pass for order 0 at tolerance 1e-10
Interpolation tests pass for order 0 derivatives at tolerance 1e-10
Function   convergence rate at coarsening 0: 1.9
Derivative convergence rate at coarsening 0: 1.5
Function   convergence rate at coarsening 1: 1.5
Derivative convergence rate at coarsening 1: 0.95
Function   convergence rate at coarsening 2: 1.7
Derivative convergence rate at coarsening 2: 1.5