ISLocalToGlobalMapping Object: 1 MPI processes
  type: basic
[0] 0 0
[0] 1 1
[0] 2 2
[0] 3 3
[0] 4 -1
[0] 5 -1
[0] 6 -1
[0] 7 -1
[0] 8 8
[0] 9 9
[0] 10 10
[0] 11 11
ISLocalToGlobalMapping Object: 1 MPI processes
  type: basic
[0] 0 0
[0] 1 1
[0] 2 -1
[0] 3 -1
[0] 4 4
[0] 5 5
ISLocalToGlobalMapping Object: 1 MPI processes
  type: basic
[0] 0 0
[0] 1 -1
[0] 2 2
ISLocalToGlobalMapping Object: 1 MPI processes
  type: basic
[0] 0 0
[0] 1 1
[0] 2 -1
[0] 3 -1
[0] 4 4
[0] 5 5
ISLocalToGlobalMapping Object: 1 MPI processes
  type: basic
[0] 0 0
[0] 1 1
[0] 2 2
[0] 3 3
[0] 4 -1
[0] 5 -1
[0] 6 -1
[0] 7 -1
[0] 8 8
[0] 9 9
[0] 10 10
[0] 11 11
ISLocalToGlobalMapping Object: 1 MPI processes
  type: basic
[0] 0 0
[0] 1 1
[0] 2 2
[0] 3 3
[0] 4 4
[0] 5 5
[0] 6 -1
[0] 7 -1
[0] 8 -1
[0] 9 -1
[0] 10 -1
[0] 11 -1
[0] 12 12
[0] 13 13
[0] 14 14
[0] 15 15
[0] 16 16
[0] 17 17
ISLocalToGlobalMapping Object: 1 MPI processes
  type: basic
[0] 0 0
[0] 1 1
[0] 2 -1
[0] 3 -1
[0] 4 4
[0] 5 5
ISLocalToGlobalMapping Object: 1 MPI processes
  type: basic
[0] 0 0
[0] 1 -1
[0] 2 2
ISLocalToGlobalMapping Object: 1 MPI processes
  type: basic
[0] 0 0
[0] 1 1
[0] 2 -1
[0] 3 -1
[0] 4 4
[0] 5 5
ISLocalToGlobalMapping Object: 1 MPI processes
  type: basic
[0] 0 0
[0] 1 1
[0] 2 2
[0] 3 3
[0] 4 4
[0] 5 5
[0] 6 -1
[0] 7 -1
[0] 8 -1
[0] 9 -1
[0] 10 -1
[0] 11 -1
[0] 12 12
[0] 13 13
[0] 14 14
[0] 15 15
[0] 16 16
[0] 17 17
